

Testing Ideal Gas Model
	B=1.000000, L=1.000000
		Sample vs Analytic <x>:    0.418329 vs 0.418023
		Sample vs Analytic var(x): 0.079226 vs 0.079326
		Sample vs Analytic <U>:    418.329242 vs 418.023293
		Sample vs Analytic var(U): 77.918109 vs 79.326406
	B=1.000000, L=10.000000
		Sample vs Analytic <x>:    0.999871 vs 0.999546
		Sample vs Analytic var(x): 0.998458 vs 0.995460
		Sample vs Analytic <U>:    999.871429 vs 999.545980
		Sample vs Analytic var(U): 943.706406 vs 995.459595
	B=10.000000, L=1.000000
		Sample vs Analytic <x>:    0.099861 vs 0.099955
		Sample vs Analytic var(x): 0.009931 vs 0.009955
		Sample vs Analytic <U>:    99.860611 vs 99.954598
		Sample vs Analytic var(U): 9.637414 vs 9.954596
	B=10.000000, L=10.000000
		Sample vs Analytic <x>:    0.100004 vs 0.100000
		Sample vs Analytic var(x): 0.009951 vs 0.010000
		Sample vs Analytic <U>:    100.003659 vs 100.000000
		Sample vs Analytic var(U): 10.432374 vs 10.000000


Testing Extrapolation Routines

	In temperature for IG:
		Analytical values:        [0.34255 0.16236 0.05152]
		Analytical derivatives:   [ 0.41802 -0.07933  0.00771]
		1D data:
		Estimated values:        
 [[ 0.33853]
 [ 0.08398]
 [-0.19446]]
		Estimated derivatives:   
 [[   0.41808]
 [  -0.07822]
 [  -0.00265]
 [   0.08364]
 [   6.33708]
 [-274.08691]
 [2277.     ]]
		Bootstrapped std values: 
 [[0.00869]
 [0.13974]
 [0.42863]]
		Bootstrapped std derivs: 
 [[   0.00009]
 [   0.00099]
 [   0.01701]
 [   0.38618]
 [   7.15429]
 [ 172.05502]
 [3247.1747 ]]
		3D data:
		Estimated values:        
 [[ 0.33853  0.33853  0.33853]
 [ 0.08398  0.08398  0.08398]
 [-0.19446 -0.19446 -0.19446]]
		Estimated derivatives:   
 [[ 0.41808  0.41808  0.41808]
 [-0.07822 -0.07822 -0.07822]
 [-0.00265 -0.00265 -0.00265]]
		Bootstrapped std values: 
 [[0.00869 0.00869 0.00869]
 [0.13974 0.13974 0.13974]
 [0.42863 0.42863 0.42863]]
		Bootstrapped std derivs: 
 [[0.00009 0.00009 0.00009]
 [0.00099 0.00099 0.00099]
 [0.01701 0.01701 0.01701]]
		Perturbation:
		Estimated values:        
 [[0.38095]
 [0.38086]
 [0.38086]]
		Bootstrapped std values: 
 [[0.00272]
 [0.00248]
 [0.00248]]

	In volume for IG:
		Analytical values:       
 [ 0.68125  0.56523 -0.90931]
		Analytical derivatives:  
 [ 0.41802  0.3387  -0.15095]
Volume extrapolation cannot go above 1st order without derivatives of forces.
Setting order to 1st order.
[[ 0.41808]
 [-0.02607]]
		Estimated values:        
 [[0.75794]
 [1.77752]
 [2.79711]]
		Estimated derivatives:   
 [[0.41808]
 [0.33986]]
		Bootstrapped std values: 
 [[0.00038]
 [0.00148]
 [0.00259]]
		Bootstrapped std derivs: 
 [[0.00009]
 [0.00033]]


Testing Interpolation Routines

	In temperature for IG:
		Analytical values (1):        [0.34255 0.16236 0.05152]
		Analytical derivatives (1):   [ 0.41802 -0.07933  0.00771]
		Analytical values (2):        [0.24214 0.17416 0.12377]
		Analytical derivatives (2):   [ 0.09995 -0.00995  0.00195]
		Weighted extrapolation:
		Estimated values:        
 [[0.33986]
 [0.1057 ]
 [0.11987]]
		Estimated derivatives:   
 [[[ 0.41808]
  [-0.07822]]

 [[ 0.09998]
  [-0.00994]]]
		Bootstrapped std values: 
 [[0.00116]
 [0.00458]
 [0.00025]]
		Bootstrapped std derivs: 
 [[[0.00009]
  [0.00103]]

 [[0.00003]
  [0.00014]]]
		Polynomial interpolation:
		Estimated values:        
 [[0.34635]
 [0.19868]
 [0.12512]]
		Estimated coefficients:  
 [[ 0.50322]
 [-0.09228]
 [ 0.00735]
 [-0.00022]]
		Bootstrapped std values: 
 [[0.00092]
 [0.00143]
 [0.00042]]
		Bootstrapped std coeffs: 
 [[0.00126]
 [0.00153]
 [0.00027]
 [0.00001]]
		MBAR:
		Estimated values:        
 [[0.38095]
 [0.11416]
 [0.11414]]
		Bootstrapped std values: 
 [[0.00459]
 [0.00372]
 [0.00352]]

	In volume for IG:
		Analytical values (1):        [ 0.68125  0.56523 -0.90931]
		Analytical derivatives (1):   [ 0.41802  0.3387  -0.15095]
		Analytical values (2):        [0.98465 0.99296 0.998  ]
		Analytical derivatives (2):   [ 0.99955  0.00041 -0.00036]
		Weighted extrapolation:
		Estimated values:        
 [[0.75794]
 [1.76864]
 [0.99859]]
		Estimated derivatives:   
 [[[0.41808]
  [0.33986]]

 [[0.99887]
  [0.00014]]]
		Bootstrapped std values: 
 [[0.0004 ]
 [0.00153]
 [0.00115]]
		Bootstrapped std derivs: 
 [[[0.00009]
  [0.00034]]

 [[0.00031]
  [0.0005 ]]]


Testing Recursive Interpolation

Interpolating from points 1.000000 and 10.000000
Recursion depth on this branch: 0
Maximum bootstrapped error within interval: 0.007042
Selected new extrapolation point: 5.224490

Interpolating from points 1.000000 and 5.224490
Recursion depth on this branch: 1
Maximum bootstrapped error within interval: 0.002279
No additional extrapolation points necessary on this interval.

Interpolating from points 5.224490 and 10.000000
Recursion depth on this branch: 1
Maximum bootstrapped error within interval: 0.002157
No additional extrapolation points necessary on this interval.
Interval with edges [ 1.       5.22449 10.     ] (indices [0 1 2]):
	P-values between regions:
[[0.9717 ]
 [0.28444]
 [0.94271]
 [0.99923]]
	P-values for full and 1 :
[[0.50618]
 [0.73712]
 [0.9877 ]
 [0.9995 ]]
	P-values for full and 2 :
[[0.98162]
 [0.7535 ]
 [0.36916]
 [0.05637]]
